TAP version 13
# Subtest: valid request follows queued-running-ready-consumed and delivers exactly once
ok 1 - valid request follows queued-running-ready-consumed and delivers exactly once
  ---
  duration_ms: 6.696
  type: 'test'
  ...
# Subtest: single worker preserves FIFO and exact waiting capacity; queue-full is a keyed terminal tombstone
ok 2 - single worker preserves FIFO and exact waiting capacity; queue-full is a keyed terminal tombstone
  ---
  duration_ms: 56.3814
  type: 'test'
  ...
# Subtest: duplicate and request-id/GUID mismatch never enqueue another inference
ok 3 - duplicate and request-id/GUID mismatch never enqueue another inference
  ---
  duration_ms: 30.5957
  type: 'test'
  ...
# Subtest: transport failure is terminal with one attempt and no retry
ok 4 - transport failure is terminal with one attempt and no retry
  ---
  duration_ms: 16.0442
  type: 'test'
  ...
# Subtest: completion key mismatch and response-model mismatch fail closed
    # Subtest: key mismatch
    ok 1 - key mismatch
      ---
      duration_ms: 15.7531
      type: 'test'
      ...
    # Subtest: model mismatch
    ok 2 - model mismatch
      ---
      duration_ms: 15.7059
      type: 'test'
      ...
    1..2
ok 5 - completion key mismatch and response-model mismatch fail closed
  ---
  duration_ms: 32.0462
  type: 'test'
  ...
# Subtest: expired queued work makes zero attempts and stale running text is discarded
    # Subtest: queued expiry
    ok 1 - queued expiry
      ---
      duration_ms: 16.0478
      type: 'test'
      ...
    # Subtest: stale running result
    ok 2 - stale running result
      ---
      duration_ms: 15.6685
      type: 'test'
      ...
    1..2
ok 6 - expired queued work makes zero attempts and stale running text is discarded
  ---
  duration_ms: 32.3099
  type: 'test'
  ...
# Subtest: already-expired admission becomes expired without inference
ok 7 - already-expired admission becomes expired without inference
  ---
  duration_ms: 0.2928
  type: 'test'
  ...
# Subtest: ready result that expires before consumption discards dialogue text
ok 8 - ready result that expires before consumption discards dialogue text
  ---
  duration_ms: 15.2558
  type: 'test'
  ...
# Subtest: consume race has one winner and never redelivers dialogue
ok 9 - consume race has one winner and never redelivers dialogue
  ---
  duration_ms: 15.8764
  type: 'test'
  ...
# Subtest: bounded ledger fails closed without transport attempts
ok 10 - bounded ledger fails closed without transport attempts
  ---
  duration_ms: 31.865
  type: 'test'
  ...
# Subtest: controlled immediate shutdown closes admission, cancels active, fails queued and joins worker
ok 11 - controlled immediate shutdown closes admission, cancels active, fails queued and joins worker
  ---
  duration_ms: 15.186
  type: 'test'
  ...
# Subtest: invalid shutdown options do not poison a later controlled shutdown
ok 12 - invalid shutdown options do not poison a later controlled shutdown
  ---
  duration_ms: 0.3441
  type: 'test'
  ...
# Subtest: shutdown during model verification cancels and joins startup without opening admission
ok 13 - shutdown during model verification cancels and joins startup without opening admission
  ---
  duration_ms: 0.4238
  type: 'test'
  ...
# Subtest: controlled drain shutdown completes queued work before joining
ok 14 - controlled drain shutdown completes queued work before joining
  ---
  duration_ms: 0.3615
  type: 'test'
  ...
# Subtest: drain deadline cancels active work, fails queued work and still joins the owned worker
ok 15 - drain deadline cancels active work, fails queued work and still joins the owned worker
  ---
  duration_ms: 46.5845
  type: 'test'
  ...
# Subtest: expired queued tombstones do not consume waiting capacity
ok 16 - expired queued tombstones do not consume waiting capacity
  ---
  duration_ms: 30.8148
  type: 'test'
  ...
# Subtest: startup fails closed when pinned inventory verification fails
ok 17 - startup fails closed when pinned inventory verification fails
  ---
  duration_ms: 0.3693
  type: 'test'
  ...
# Subtest: malformed request bytes and schema errors make zero attempts
ok 18 - malformed request bytes and schema errors make zero attempts
  ---
  duration_ms: 0.4016
  type: 'test'
  ...
# Subtest: raw response accepts exact byte limit and rejects declared limit plus one
    # Subtest: exact limit
    ok 1 - exact limit
      ---
      duration_ms: 21.5168
      type: 'test'
      ...
    # Subtest: declared over limit
    ok 2 - declared over limit
      ---
      duration_ms: 4.7752
      type: 'test'
      ...
    1..2
ok 19 - raw response accepts exact byte limit and rejects declared limit plus one
  ---
  duration_ms: 27.157
  type: 'test'
  ...
# Subtest: chunked response aborts at byte limit plus one
ok 20 - chunked response aborts at byte limit plus one
  ---
  duration_ms: 2.9323
  type: 'test'
  ...
# Subtest: response deadline is finite and aborts a silent loopback peer
ok 21 - response deadline is finite and aborts a silent loopback peer
  ---
  duration_ms: 57.3487
  type: 'test'
  ...
# Subtest: connect deadline is deterministic and finite with a never-connected socket fixture
ok 22 - connect deadline is deterministic and finite with a never-connected socket fixture
  ---
  duration_ms: 30.2252
  type: 'test'
  ...
# Subtest: model inventory requires exact pinned name and digest
    # Subtest: exact pin
    ok 1 - exact pin
      ---
      duration_ms: 4.8736
      type: 'test'
      ...
    # Subtest: digest mismatch
    ok 2 - digest mismatch
      ---
      duration_ms: 2.6802
      type: 'test'
      ...
    # Subtest: name/model inconsistency
    ok 3 - name/model inconsistency
      ---
      duration_ms: 2.3717
      type: 'test'
      ...
    # Subtest: wrong optional member type
    ok 4 - wrong optional member type
      ---
      duration_ms: 2.5334
      type: 'test'
      ...
    1..4
ok 23 - model inventory requires exact pinned name and digest
  ---
  duration_ms: 13.2382
  type: 'test'
  ...
# Subtest: Ollama request is pinned, server-free, tool-free and keeps user text separate
ok 24 - Ollama request is pinned, server-free, tool-free and keeps user text separate
  ---
  duration_ms: 4.0978
  type: 'test'
  ...
# Subtest: malformed UTF-8, invalid schema, tool calls, wrong role and wrong model fail closed with one POST
    # Subtest: malformed UTF-8
    ok 1 - malformed UTF-8
      ---
      duration_ms: 2.8515
      type: 'test'
      ...
    # Subtest: invalid JSON
    ok 2 - invalid JSON
      ---
      duration_ms: 2.5099
      type: 'test'
      ...
    # Subtest: tool call
    ok 3 - tool call
      ---
      duration_ms: 1.9699
      type: 'test'
      ...
    # Subtest: wrong role
    ok 4 - wrong role
      ---
      duration_ms: 1.9488
      type: 'test'
      ...
    # Subtest: wrong model
    ok 5 - wrong model
      ---
      duration_ms: 2.8138
      type: 'test'
      ...
    # Subtest: wrong optional member type
    ok 6 - wrong optional member type
      ---
      duration_ms: 1.9483
      type: 'test'
      ...
    # Subtest: empty assistant output
    ok 7 - empty assistant output
      ---
      duration_ms: 1.9955
      type: 'test'
      ...
    # Subtest: assistant output over character limit
    ok 8 - assistant output over character limit
      ---
      duration_ms: 2.0897
      type: 'test'
      ...
    1..8
ok 25 - malformed UTF-8, invalid schema, tool calls, wrong role and wrong model fail closed with one POST
  ---
  duration_ms: 20.0246
  type: 'test'
  ...
# Subtest: oversized raw inference response is rejected before JSON parsing
ok 26 - oversized raw inference response is rejected before JSON parsing
  ---
  duration_ms: 2.4559
  type: 'test'
  ...
# Subtest: connection failure is terminal and never retried
ok 27 - connection failure is terminal and never retried
  ---
  duration_ms: 1.5327
  type: 'test'
  ...
# Subtest: pinned runtime config and versioned file context validate and freeze
ok 28 - pinned runtime config and versioned file context validate and freeze
  ---
  duration_ms: 0.9633
  type: 'test'
  ...
# Subtest: strict UTF-8 rejects malformed bytes and BOM
ok 29 - strict UTF-8 rejects malformed bytes and BOM
  ---
  duration_ms: 0.7768
  type: 'test'
  ...
# Subtest: strict JSON rejects duplicate keys, trailing data, depth and lone surrogates
ok 30 - strict JSON rejects duplicate keys, trailing data, depth and lone surrogates
  ---
  duration_ms: 0.6824
  type: 'test'
  ...
# Subtest: request schema rejects missing, unknown, wrong-version and unsafe integer fields
ok 31 - request schema rejects missing, unknown, wrong-version and unsafe integer fields
  ---
  duration_ms: 1.6691
  type: 'test'
  ...
# Subtest: UUID accepts only canonical lowercase RFC 4122 UUIDv4
ok 32 - UUID accepts only canonical lowercase RFC 4122 UUIDv4
  ---
  duration_ms: 0.5752
  type: 'test'
  ...
# Subtest: timestamps, clock skew and TTL are finite and canonical
ok 33 - timestamps, clock skew and TTL are finite and canonical
  ---
  duration_ms: 0.3465
  type: 'test'
  ...
# Subtest: user-message limit is measured in UTF-8 bytes at exact boundary and limit plus one
ok 34 - user-message limit is measured in UTF-8 bytes at exact boundary and limit plus one
  ---
  duration_ms: 0.2366
  type: 'test'
  ...
# Subtest: assembled prompt is byte-bounded after system, context and user expansion
ok 35 - assembled prompt is byte-bounded after system, context and user expansion
  ---
  duration_ms: 0.3539
  type: 'test'
  ...
# Subtest: model allowlist, digest and loopback endpoint fail closed
ok 36 - model allowlist, digest and loopback endpoint fail closed
  ---
  duration_ms: 0.3989
  type: 'test'
  ...
# Subtest: context schema and filename profile version must match
ok 37 - context schema and filename profile version must match
  ---
  duration_ms: 0.2715
  type: 'test'
  ...
# Subtest: immutable request envelope cannot be altered
ok 38 - immutable request envelope cannot be altered
  ---
  duration_ms: 0.1735
  type: 'test'
  ...
# Subtest: personality context byte tampering is detected by its pinned SHA-256
ok 39 - personality context byte tampering is detected by its pinned SHA-256
  ---
  duration_ms: 21.1738
  type: 'test'
  ...
# Subtest: exclusive instance lock prevents two bridge processes from owning the inference slot
ok 40 - exclusive instance lock prevents two bridge processes from owning the inference slot
  ---
  duration_ms: 15.7939
  type: 'test'
  ...
# Subtest: published JSON Schema documents are strict UTF-8 JSON
ok 41 - published JSON Schema documents are strict UTF-8 JSON
  ---
  duration_ms: 1.8374
  type: 'test'
  ...
# Subtest: NDJSON wire command is bounded at the exact request byte cap
ok 42 - NDJSON wire command is bounded at the exact request byte cap
  ---
  duration_ms: 2.6244
  type: 'test'
  ...
1..42
# tests 60
# suites 0
# pass 60
# fail 0
# cancelled 0
# skipped 0
# todo 0
# duration_ms 785.8023
